// Jest Snapshot v1, https://goo.gl/fbAQLP

exports[`RangeSlider Component renders Range SliderComponent component correctly 1`] = `
<div>
  <div
    class="rc-slider range-slider rc-slider-horizontal"
  >
    <div
      class="rc-slider-rail"
    />
    <div
      class="rc-slider-track rc-slider-track-1"
      style="left: 10%; width: 90%;"
    />
    <div
      class="rc-slider-step"
    />
    <div
      aria-disabled="false"
      aria-orientation="horizontal"
      aria-valuemax="100"
      aria-valuemin="0"
      aria-valuenow="10"
      class="rc-slider-handle rc-slider-handle-1"
      role="slider"
      style="left: 10%; transform: translateX(-50%);"
      tabindex="0"
    />
    <div
      aria-disabled="false"
      aria-orientation="horizontal"
      aria-valuemax="100"
      aria-valuemin="0"
      aria-valuenow="100"
      class="rc-slider-handle rc-slider-handle-2"
      role="slider"
      style="left: 100%; transform: translateX(-50%);"
      tabindex="0"
    />
  </div>
</div>
`;
