// Vitest Snapshot v1, https://vitest.dev/guide/snapshot.html

exports[`Select Component > calls onChange and handleSelect when input changes 1`] = `
<div>
  <div
    class="select _open"
    data-testid="selectTestId"
  >
    <div
      class="select__block"
    >
      <input
        autocomplete="off"
        class="select__input input transparent"
        data-testid="inputTestId"
        id="select"
        name="select"
        type="text"
        value=""
      />
      <svg
        class="select__arrow"
        fill="currentColor"
        height="1em"
        stroke="currentColor"
        stroke-width="0"
        viewBox="0 0 24 24"
        width="1em"
        xmlns="http://www.w3.org/2000/svg"
      >
        <path
          d="M0 0h24v24H0V0z"
          fill="none"
        />
        <path
          d="M7.41 8.59 12 13.17l4.59-4.58L18 10l-6 6-6-6 1.41-1.41z"
        />
      </svg>
    </div>
    <ul
      class="select__options"
    >
      <li
        class="select__option"
      >
        Option 1
      </li>
      <li
        class="select__option"
      >
        Option 2
      </li>
      <li
        class="select__option"
      >
        Another Option
      </li>
    </ul>
  </div>
</div>
`;

exports[`Select Component > calls onClick when block is clicked 1`] = `
<div>
  <div
    class="select _open"
    data-testid="selectTestId"
  >
    <div
      class="select__block"
    >
      <input
        autocomplete="off"
        class="select__input input transparent"
        data-testid="inputTestId"
        id="select"
        name="select"
        readonly=""
        type="text"
        value=""
      />
      <svg
        class="select__arrow"
        fill="currentColor"
        height="1em"
        stroke="currentColor"
        stroke-width="0"
        viewBox="0 0 24 24"
        width="1em"
        xmlns="http://www.w3.org/2000/svg"
      >
        <path
          d="M0 0h24v24H0V0z"
          fill="none"
        />
        <path
          d="M7.41 8.59 12 13.17l4.59-4.58L18 10l-6 6-6-6 1.41-1.41z"
        />
      </svg>
    </div>
    <ul
      class="select__options"
    >
      <li
        class="select__option"
      >
        Option 1
      </li>
      <li
        class="select__option"
      >
        Option 2
      </li>
      <li
        class="select__option"
      >
        Another Option
      </li>
    </ul>
  </div>
</div>
`;

exports[`Select Component > displays the provided value in the input and highlights the corresponding option 1`] = `
<div>
  <div
    class="select _open"
    data-testid="selectTestId"
  >
    <div
      class="select__block"
    >
      <input
        autocomplete="off"
        class="select__input input transparent"
        data-testid="inputTestId"
        id="select"
        name="select"
        readonly=""
        type="text"
        value="Option 1"
      />
      <svg
        class="select__arrow"
        fill="currentColor"
        height="1em"
        stroke="currentColor"
        stroke-width="0"
        viewBox="0 0 24 24"
        width="1em"
        xmlns="http://www.w3.org/2000/svg"
      >
        <path
          d="M0 0h24v24H0V0z"
          fill="none"
        />
        <path
          d="M7.41 8.59 12 13.17l4.59-4.58L18 10l-6 6-6-6 1.41-1.41z"
        />
      </svg>
    </div>
    <ul
      class="select__options"
    >
      <li
        class="select__option _selected"
      >
        Option 1
      </li>
      <li
        class="select__option"
      >
        Option 2
      </li>
      <li
        class="select__option"
      >
        Another Option
      </li>
    </ul>
  </div>
</div>
`;

exports[`Select Component > does not render list if search yields no match 1`] = `
<div>
  <div
    class="select _open"
    data-testid="selectTestId"
  >
    <div
      class="select__block"
    >
      <input
        autocomplete="off"
        class="select__input input transparent"
        data-testid="inputTestId"
        id="select"
        name="select"
        type="text"
        value="nonexistent"
      />
      <svg
        class="select__arrow"
        fill="currentColor"
        height="1em"
        stroke="currentColor"
        stroke-width="0"
        viewBox="0 0 24 24"
        width="1em"
        xmlns="http://www.w3.org/2000/svg"
      >
        <path
          d="M0 0h24v24H0V0z"
          fill="none"
        />
        <path
          d="M7.41 8.59 12 13.17l4.59-4.58L18 10l-6 6-6-6 1.41-1.41z"
        />
      </svg>
    </div>
    <ul
      class="select__options"
    >
      <li
        class="select__option select__option_empty"
      >
        Nothing found
      </li>
    </ul>
  </div>
</div>
`;

exports[`Select Component > opens the select when typing in the input 1`] = `
<div>
  <div
    class="select _open"
    data-testid="selectTestId"
  >
    <div
      class="select__block"
    >
      <input
        autocomplete="off"
        class="select__input input transparent"
        data-testid="inputTestId"
        id="select"
        name="select"
        type="text"
        value=""
      />
      <svg
        class="select__arrow"
        fill="currentColor"
        height="1em"
        stroke="currentColor"
        stroke-width="0"
        viewBox="0 0 24 24"
        width="1em"
        xmlns="http://www.w3.org/2000/svg"
      >
        <path
          d="M0 0h24v24H0V0z"
          fill="none"
        />
        <path
          d="M7.41 8.59 12 13.17l4.59-4.58L18 10l-6 6-6-6 1.41-1.41z"
        />
      </svg>
    </div>
    <ul
      class="select__options"
    >
      <li
        class="select__option"
      >
        Option 1
      </li>
      <li
        class="select__option"
      >
        Option 2
      </li>
      <li
        class="select__option"
      >
        Another Option
      </li>
    </ul>
  </div>
</div>
`;

exports[`Select Component > should input is disabled has a placeholder 1`] = `
<div>
  <div
    class="select _open disabled"
    data-testid="selectTestId"
  >
    <div
      class="select__block"
    >
      <input
        autocomplete="off"
        class="select__input input transparent"
        data-testid="inputTestId"
        disabled=""
        id="select"
        name="select"
        placeholder="Select"
        readonly=""
        type="text"
        value=""
      />
      <svg
        class="select__arrow"
        fill="currentColor"
        height="1em"
        stroke="currentColor"
        stroke-width="0"
        viewBox="0 0 24 24"
        width="1em"
        xmlns="http://www.w3.org/2000/svg"
      >
        <path
          d="M0 0h24v24H0V0z"
          fill="none"
        />
        <path
          d="M7.41 8.59 12 13.17l4.59-4.58L18 10l-6 6-6-6 1.41-1.41z"
        />
      </svg>
    </div>
    <ul
      class="select__options"
    >
      <li
        class="select__option"
      >
        Option 1
      </li>
      <li
        class="select__option"
      >
        Option 2
      </li>
      <li
        class="select__option"
      >
        Another Option
      </li>
    </ul>
  </div>
</div>
`;

exports[`Select Component > should input is disabled has no placeholder 1`] = `
<div>
  <div
    class="select _open disabled"
    data-testid="selectTestId"
  >
    <div
      class="select__block"
    >
      <input
        autocomplete="off"
        class="select__input input transparent"
        data-testid="inputTestId"
        disabled=""
        id="select"
        name="select"
        readonly=""
        type="text"
        value=""
      />
      <svg
        class="select__arrow"
        fill="currentColor"
        height="1em"
        stroke="currentColor"
        stroke-width="0"
        viewBox="0 0 24 24"
        width="1em"
        xmlns="http://www.w3.org/2000/svg"
      >
        <path
          d="M0 0h24v24H0V0z"
          fill="none"
        />
        <path
          d="M7.41 8.59 12 13.17l4.59-4.58L18 10l-6 6-6-6 1.41-1.41z"
        />
      </svg>
    </div>
    <ul
      class="select__options"
    >
      <li
        class="select__option"
      >
        Option 1
      </li>
      <li
        class="select__option"
      >
        Option 2
      </li>
      <li
        class="select__option"
      >
        Another Option
      </li>
    </ul>
  </div>
</div>
`;

exports[`Select Component > should input is not disabled has a placeholder 1`] = `
<div>
  <div
    class="select _open"
    data-testid="selectTestId"
  >
    <div
      class="select__block"
    >
      <input
        autocomplete="off"
        class="select__input input transparent"
        data-testid="inputTestId"
        id="select"
        name="select"
        placeholder="Select"
        readonly=""
        type="text"
        value=""
      />
      <svg
        class="select__arrow"
        fill="currentColor"
        height="1em"
        stroke="currentColor"
        stroke-width="0"
        viewBox="0 0 24 24"
        width="1em"
        xmlns="http://www.w3.org/2000/svg"
      >
        <path
          d="M0 0h24v24H0V0z"
          fill="none"
        />
        <path
          d="M7.41 8.59 12 13.17l4.59-4.58L18 10l-6 6-6-6 1.41-1.41z"
        />
      </svg>
    </div>
    <ul
      class="select__options"
    >
      <li
        class="select__option"
      >
        Option 1
      </li>
      <li
        class="select__option"
      >
        Option 2
      </li>
      <li
        class="select__option"
      >
        Another Option
      </li>
    </ul>
  </div>
</div>
`;

exports[`Select Component > should input is not disabled has no placeholder 1`] = `
<div>
  <div
    class="select _open"
    data-testid="selectTestId"
  >
    <div
      class="select__block"
    >
      <input
        autocomplete="off"
        class="select__input input transparent"
        data-testid="inputTestId"
        id="select"
        name="select"
        readonly=""
        type="text"
        value=""
      />
      <svg
        class="select__arrow"
        fill="currentColor"
        height="1em"
        stroke="currentColor"
        stroke-width="0"
        viewBox="0 0 24 24"
        width="1em"
        xmlns="http://www.w3.org/2000/svg"
      >
        <path
          d="M0 0h24v24H0V0z"
          fill="none"
        />
        <path
          d="M7.41 8.59 12 13.17l4.59-4.58L18 10l-6 6-6-6 1.41-1.41z"
        />
      </svg>
    </div>
    <ul
      class="select__options"
    >
      <li
        class="select__option"
      >
        Option 1
      </li>
      <li
        class="select__option"
      >
        Option 2
      </li>
      <li
        class="select__option"
      >
        Another Option
      </li>
    </ul>
  </div>
</div>
`;

exports[`Select Component calls onChange and handleSelect when input changes 1`] = `
<div>
  <div
    class="select _open"
    data-testid="selectTestId"
  >
    <div
      class="select__block"
    >
      <input
        autocomplete="off"
        class="select__input input transparent"
        data-testid="inputTestId"
        id="select"
        name="select"
        type="text"
        value=""
      />
      <svg
        class="select__arrow"
        fill="currentColor"
        height="1em"
        stroke="currentColor"
        stroke-width="0"
        viewBox="0 0 24 24"
        width="1em"
        xmlns="http://www.w3.org/2000/svg"
      >
        <path
          d="M0 0h24v24H0V0z"
          fill="none"
        />
        <path
          d="M7.41 8.59 12 13.17l4.59-4.58L18 10l-6 6-6-6 1.41-1.41z"
        />
      </svg>
    </div>
    <ul
      class="select__options"
    >
      <li
        class="select__option"
      >
        Option 1
      </li>
      <li
        class="select__option"
      >
        Option 2
      </li>
      <li
        class="select__option"
      >
        Another Option
      </li>
    </ul>
  </div>
</div>
`;

exports[`Select Component calls onClick when block is clicked 1`] = `
<div>
  <div
    class="select _open"
    data-testid="selectTestId"
  >
    <div
      class="select__block"
    >
      <input
        autocomplete="off"
        class="select__input input transparent"
        data-testid="inputTestId"
        id="select"
        name="select"
        readonly=""
        type="text"
        value=""
      />
      <svg
        class="select__arrow"
        fill="currentColor"
        height="1em"
        stroke="currentColor"
        stroke-width="0"
        viewBox="0 0 24 24"
        width="1em"
        xmlns="http://www.w3.org/2000/svg"
      >
        <path
          d="M0 0h24v24H0V0z"
          fill="none"
        />
        <path
          d="M7.41 8.59 12 13.17l4.59-4.58L18 10l-6 6-6-6 1.41-1.41z"
        />
      </svg>
    </div>
    <ul
      class="select__options"
    >
      <li
        class="select__option"
      >
        Option 1
      </li>
      <li
        class="select__option"
      >
        Option 2
      </li>
      <li
        class="select__option"
      >
        Another Option
      </li>
    </ul>
  </div>
</div>
`;

exports[`Select Component displays the provided value in the input and highlights the corresponding option 1`] = `
<div>
  <div
    class="select _open"
    data-testid="selectTestId"
  >
    <div
      class="select__block"
    >
      <input
        autocomplete="off"
        class="select__input input transparent"
        data-testid="inputTestId"
        id="select"
        name="select"
        readonly=""
        type="text"
        value="Option 1"
      />
      <svg
        class="select__arrow"
        fill="currentColor"
        height="1em"
        stroke="currentColor"
        stroke-width="0"
        viewBox="0 0 24 24"
        width="1em"
        xmlns="http://www.w3.org/2000/svg"
      >
        <path
          d="M0 0h24v24H0V0z"
          fill="none"
        />
        <path
          d="M7.41 8.59 12 13.17l4.59-4.58L18 10l-6 6-6-6 1.41-1.41z"
        />
      </svg>
    </div>
    <ul
      class="select__options"
    >
      <li
        class="select__option _selected"
      >
        Option 1
      </li>
      <li
        class="select__option"
      >
        Option 2
      </li>
      <li
        class="select__option"
      >
        Another Option
      </li>
    </ul>
  </div>
</div>
`;

exports[`Select Component does not render list if search yields no match 1`] = `
<div>
  <div
    class="select _open"
    data-testid="selectTestId"
  >
    <div
      class="select__block"
    >
      <input
        autocomplete="off"
        class="select__input input transparent"
        data-testid="inputTestId"
        id="select"
        name="select"
        type="text"
        value="nonexistent"
      />
      <svg
        class="select__arrow"
        fill="currentColor"
        height="1em"
        stroke="currentColor"
        stroke-width="0"
        viewBox="0 0 24 24"
        width="1em"
        xmlns="http://www.w3.org/2000/svg"
      >
        <path
          d="M0 0h24v24H0V0z"
          fill="none"
        />
        <path
          d="M7.41 8.59 12 13.17l4.59-4.58L18 10l-6 6-6-6 1.41-1.41z"
        />
      </svg>
    </div>
    <ul
      class="select__options"
    >
      <li
        class="select__option select__option_empty"
      >
        Nothing found
      </li>
    </ul>
  </div>
</div>
`;

exports[`Select Component opens the select when typing in the input 1`] = `
<div>
  <div
    class="select _open"
    data-testid="selectTestId"
  >
    <div
      class="select__block"
    >
      <input
        autocomplete="off"
        class="select__input input transparent"
        data-testid="inputTestId"
        id="select"
        name="select"
        type="text"
        value=""
      />
      <svg
        class="select__arrow"
        fill="currentColor"
        height="1em"
        stroke="currentColor"
        stroke-width="0"
        viewBox="0 0 24 24"
        width="1em"
        xmlns="http://www.w3.org/2000/svg"
      >
        <path
          d="M0 0h24v24H0V0z"
          fill="none"
        />
        <path
          d="M7.41 8.59 12 13.17l4.59-4.58L18 10l-6 6-6-6 1.41-1.41z"
        />
      </svg>
    </div>
    <ul
      class="select__options"
    >
      <li
        class="select__option"
      >
        Option 1
      </li>
      <li
        class="select__option"
      >
        Option 2
      </li>
      <li
        class="select__option"
      >
        Another Option
      </li>
    </ul>
  </div>
</div>
`;

exports[`Select Component should input is disabled has a placeholder 1`] = `
<div>
  <div
    class="select _open disabled"
    data-testid="selectTestId"
  >
    <div
      class="select__block"
    >
      <input
        autocomplete="off"
        class="select__input input transparent"
        data-testid="inputTestId"
        disabled=""
        id="select"
        name="select"
        placeholder="Select"
        readonly=""
        type="text"
        value=""
      />
      <svg
        class="select__arrow"
        fill="currentColor"
        height="1em"
        stroke="currentColor"
        stroke-width="0"
        viewBox="0 0 24 24"
        width="1em"
        xmlns="http://www.w3.org/2000/svg"
      >
        <path
          d="M0 0h24v24H0V0z"
          fill="none"
        />
        <path
          d="M7.41 8.59 12 13.17l4.59-4.58L18 10l-6 6-6-6 1.41-1.41z"
        />
      </svg>
    </div>
    <ul
      class="select__options"
    >
      <li
        class="select__option"
      >
        Option 1
      </li>
      <li
        class="select__option"
      >
        Option 2
      </li>
      <li
        class="select__option"
      >
        Another Option
      </li>
    </ul>
  </div>
</div>
`;

exports[`Select Component should input is disabled has no placeholder 1`] = `
<div>
  <div
    class="select _open disabled"
    data-testid="selectTestId"
  >
    <div
      class="select__block"
    >
      <input
        autocomplete="off"
        class="select__input input transparent"
        data-testid="inputTestId"
        disabled=""
        id="select"
        name="select"
        readonly=""
        type="text"
        value=""
      />
      <svg
        class="select__arrow"
        fill="currentColor"
        height="1em"
        stroke="currentColor"
        stroke-width="0"
        viewBox="0 0 24 24"
        width="1em"
        xmlns="http://www.w3.org/2000/svg"
      >
        <path
          d="M0 0h24v24H0V0z"
          fill="none"
        />
        <path
          d="M7.41 8.59 12 13.17l4.59-4.58L18 10l-6 6-6-6 1.41-1.41z"
        />
      </svg>
    </div>
    <ul
      class="select__options"
    >
      <li
        class="select__option"
      >
        Option 1
      </li>
      <li
        class="select__option"
      >
        Option 2
      </li>
      <li
        class="select__option"
      >
        Another Option
      </li>
    </ul>
  </div>
</div>
`;

exports[`Select Component should input is not disabled has a placeholder 1`] = `
<div>
  <div
    class="select _open"
    data-testid="selectTestId"
  >
    <div
      class="select__block"
    >
      <input
        autocomplete="off"
        class="select__input input transparent"
        data-testid="inputTestId"
        id="select"
        name="select"
        placeholder="Select"
        readonly=""
        type="text"
        value=""
      />
      <svg
        class="select__arrow"
        fill="currentColor"
        height="1em"
        stroke="currentColor"
        stroke-width="0"
        viewBox="0 0 24 24"
        width="1em"
        xmlns="http://www.w3.org/2000/svg"
      >
        <path
          d="M0 0h24v24H0V0z"
          fill="none"
        />
        <path
          d="M7.41 8.59 12 13.17l4.59-4.58L18 10l-6 6-6-6 1.41-1.41z"
        />
      </svg>
    </div>
    <ul
      class="select__options"
    >
      <li
        class="select__option"
      >
        Option 1
      </li>
      <li
        class="select__option"
      >
        Option 2
      </li>
      <li
        class="select__option"
      >
        Another Option
      </li>
    </ul>
  </div>
</div>
`;

exports[`Select Component should input is not disabled has no placeholder 1`] = `
<div>
  <div
    class="select _open"
    data-testid="selectTestId"
  >
    <div
      class="select__block"
    >
      <input
        autocomplete="off"
        class="select__input input transparent"
        data-testid="inputTestId"
        id="select"
        name="select"
        readonly=""
        type="text"
        value=""
      />
      <svg
        class="select__arrow"
        fill="currentColor"
        height="1em"
        stroke="currentColor"
        stroke-width="0"
        viewBox="0 0 24 24"
        width="1em"
        xmlns="http://www.w3.org/2000/svg"
      >
        <path
          d="M0 0h24v24H0V0z"
          fill="none"
        />
        <path
          d="M7.41 8.59 12 13.17l4.59-4.58L18 10l-6 6-6-6 1.41-1.41z"
        />
      </svg>
    </div>
    <ul
      class="select__options"
    >
      <li
        class="select__option"
      >
        Option 1
      </li>
      <li
        class="select__option"
      >
        Option 2
      </li>
      <li
        class="select__option"
      >
        Another Option
      </li>
    </ul>
  </div>
</div>
`;
