// Vitest Snapshot v1, https://vitest.dev/guide/snapshot.html

exports[`Pagination component > disables prev arrow on first page 1`] = `
<div>
  <div
    class="pagination"
    data-testid="paginationTestId"
  >
    <div
      class="pagination__body"
    >
      <button
        class="pagination__button"
        type="button"
      >
        <svg
          class="pagination__arrow"
          data-testid="paginationArrowLeftTestId"
          fill="currentColor"
          height="1em"
          stroke="currentColor"
          stroke-width="0"
          viewBox="0 0 24 24"
          width="1em"
          xmlns="http://www.w3.org/2000/svg"
        >
          <path
            d="M0 0h24v24H0V0z"
            fill="none"
          />
          <path
            d="M15.41 16.59 10.83 12l4.58-4.59L14 6l-6 6 6 6 1.41-1.41z"
          />
        </svg>
      </button>
      <button
        class="pagination__button"
      >
        1
      </button>
      <button
        class="pagination__button"
      >
        2
      </button>
      <button
        class="pagination__button _current-page"
      >
        3
      </button>
      <button
        class="pagination__button"
        disabled=""
        type="button"
      >
        <svg
          class="pagination__arrow"
          data-testid="paginationArrowRightTestId"
          fill="currentColor"
          height="1em"
          stroke="currentColor"
          stroke-width="0"
          viewBox="0 0 24 24"
          width="1em"
          xmlns="http://www.w3.org/2000/svg"
        >
          <path
            d="M0 0h24v24H0V0z"
            fill="none"
          />
          <path
            d="M8.59 16.59 13.17 12 8.59 7.41 10 6l6 6-6 6-1.41-1.41z"
          />
        </svg>
      </button>
    </div>
  </div>
</div>
`;

exports[`Pagination component > renders component with all page buttons and arrows 1`] = `
<div>
  <div
    class="pagination"
    data-testid="paginationTestId"
  >
    <div
      class="pagination__body"
    >
      <button
        class="pagination__button"
        disabled=""
        type="button"
      >
        <svg
          class="pagination__arrow"
          data-testid="paginationArrowLeftTestId"
          fill="currentColor"
          height="1em"
          stroke="currentColor"
          stroke-width="0"
          viewBox="0 0 24 24"
          width="1em"
          xmlns="http://www.w3.org/2000/svg"
        >
          <path
            d="M0 0h24v24H0V0z"
            fill="none"
          />
          <path
            d="M15.41 16.59 10.83 12l4.58-4.59L14 6l-6 6 6 6 1.41-1.41z"
          />
        </svg>
      </button>
      <button
        class="pagination__button _current-page"
      >
        1
      </button>
      <button
        class="pagination__button"
      >
        2
      </button>
      <button
        class="pagination__button"
      >
        3
      </button>
      <button
        class="pagination__button"
        type="button"
      >
        <svg
          class="pagination__arrow"
          data-testid="paginationArrowRightTestId"
          fill="currentColor"
          height="1em"
          stroke="currentColor"
          stroke-width="0"
          viewBox="0 0 24 24"
          width="1em"
          xmlns="http://www.w3.org/2000/svg"
        >
          <path
            d="M0 0h24v24H0V0z"
            fill="none"
          />
          <path
            d="M8.59 16.59 13.17 12 8.59 7.41 10 6l6 6-6 6-1.41-1.41z"
          />
        </svg>
      </button>
    </div>
  </div>
</div>
`;

exports[`Pagination component disables prev arrow on first page 1`] = `
<div>
  <div
    class="pagination"
    data-testid="paginationTestId"
  >
    <div
      class="pagination__body"
    >
      <button
        class="pagination__button"
        type="button"
      >
        <svg
          class="pagination__arrow"
          data-testid="paginationArrowLeftTestId"
          fill="currentColor"
          height="1em"
          stroke="currentColor"
          stroke-width="0"
          viewBox="0 0 24 24"
          width="1em"
          xmlns="http://www.w3.org/2000/svg"
        >
          <path
            d="M0 0h24v24H0V0z"
            fill="none"
          />
          <path
            d="M15.41 16.59 10.83 12l4.58-4.59L14 6l-6 6 6 6 1.41-1.41z"
          />
        </svg>
      </button>
      <button
        class="pagination__button"
      >
        1
      </button>
      <button
        class="pagination__button"
      >
        2
      </button>
      <button
        class="pagination__button _current-page"
      >
        3
      </button>
      <button
        class="pagination__button"
        disabled=""
        type="button"
      >
        <svg
          class="pagination__arrow"
          data-testid="paginationArrowRightTestId"
          fill="currentColor"
          height="1em"
          stroke="currentColor"
          stroke-width="0"
          viewBox="0 0 24 24"
          width="1em"
          xmlns="http://www.w3.org/2000/svg"
        >
          <path
            d="M0 0h24v24H0V0z"
            fill="none"
          />
          <path
            d="M8.59 16.59 13.17 12 8.59 7.41 10 6l6 6-6 6-1.41-1.41z"
          />
        </svg>
      </button>
    </div>
  </div>
</div>
`;

exports[`Pagination component renders component with all page buttons and arrows 1`] = `
<div>
  <div
    class="pagination"
    data-testid="paginationTestId"
  >
    <div
      class="pagination__body"
    >
      <button
        class="pagination__button"
        disabled=""
        type="button"
      >
        <svg
          class="pagination__arrow"
          data-testid="paginationArrowLeftTestId"
          fill="currentColor"
          height="1em"
          stroke="currentColor"
          stroke-width="0"
          viewBox="0 0 24 24"
          width="1em"
          xmlns="http://www.w3.org/2000/svg"
        >
          <path
            d="M0 0h24v24H0V0z"
            fill="none"
          />
          <path
            d="M15.41 16.59 10.83 12l4.58-4.59L14 6l-6 6 6 6 1.41-1.41z"
          />
        </svg>
      </button>
      <button
        class="pagination__button _current-page"
      >
        1
      </button>
      <button
        class="pagination__button"
      >
        2
      </button>
      <button
        class="pagination__button"
      >
        3
      </button>
      <button
        class="pagination__button"
        type="button"
      >
        <svg
          class="pagination__arrow"
          data-testid="paginationArrowRightTestId"
          fill="currentColor"
          height="1em"
          stroke="currentColor"
          stroke-width="0"
          viewBox="0 0 24 24"
          width="1em"
          xmlns="http://www.w3.org/2000/svg"
        >
          <path
            d="M0 0h24v24H0V0z"
            fill="none"
          />
          <path
            d="M8.59 16.59 13.17 12 8.59 7.41 10 6l6 6-6 6-1.41-1.41z"
          />
        </svg>
      </button>
    </div>
  </div>
</div>
`;
